=== RUN   TestGoPoolWithMutex
8
3
5
4
2
0
6
7
9
1
18
19
15
12
16
17
14
10
13
11
29
23
25
26
27
28
20
21
22
24
35
38
39
30
32
31
37
36
34
33
49
43
46
48
45
40
41
44
42
47
58
57
59
51
56
52
53
50
54
55
69
67
66
68
60
62
61
63
65
64
70
79
76
77
78
75
73
74
71
72
83
89
80
88
87
84
85
81
86
82
99
90
91
92
93
96
97
95
98
94
100
101
109
105
102
103
104
107
106
108
110
117
118
119
113
111
112
116
115
114
121
129
123
124
125
126
127
128
120
122
139
134
130
132
133
136
135
137
138
131
149
144
140
141
147
148
146
145
143
142
152
159
154
150
151
153
155
157
156
158
165
162
161
163
164
169
168
166
167
160
173
179
171
172
176
175
170
177
174
178
181
183
182
184
180
185
187
186
188
189
190
196
197
198
199
193
191
192
194
195
201
209
208
204
202
203
206
205
207
200
210
219
218
212
216
217
213
214
211
215
222
229
226
224
225
223
221
220
227
228
239
237
232
233
234
230
231
235
236
238
245
249
248
242
241
243
244
247
246
240
251
259
252
253
254
255
256
257
258
250
260
261
265
262
263
267
268
266
264
269
279
272
276
277
278
275
273
274
270
271
285
289
282
281
283
284
280
288
286
287
299
290
296
295
294
297
292
291
298
293
300
309
308
301
302
303
304
305
307
306
312
315
310
311
319
317
318
316
313
314
320
329
322
323
324
325
326
327
328
321
332
331
335
338
330
339
336
333
334
337
340
349
345
346
347
348
344
342
343
341
357
359
350
358
353
351
352
355
354
356
363
361
360
362
367
365
366
364
368
369
379
373
376
374
375
377
378
372
370
371
380
389
387
381
382
383
384
388
386
385
390
398
397
399
391
392
393
394
395
396
400
409
401
402
403
404
405
406
407
408
410
419
411
412
413
414
415
416
417
418
420
426
427
428
429
424
421
425
422
423
432
430
436
438
433
434
437
431
435
439
442
446
445
447
443
448
449
444
441
440
459
451
450
455
456
457
458
454
452
453
461
469
460
468
467
462
463
464
465
466
479
477
476
478
475
473
474
470
471
472
480
489
481
482
483
484
485
486
487
488
491
499
493
494
495
496
497
498
490
492
500
507
505
506
504
509
501
502
503
508
510
512
513
514
515
516
517
518
519
511
529
524
520
521
522
523
526
525
527
528
530
539
535
531
532
533
534
537
536
538
540
549
541
542
543
544
545
546
547
548
552
550
559
557
558
551
556
553
554
555
569
566
560
561
562
563
564
565
567
568
579
574
575
576
577
578
573
570
571
572
580
589
581
582
583
584
585
588
586
587
590
593
591
592
598
595
594
596
597
599
600
609
601
602
603
604
605
606
607
608
612
619
613
614
615
616
610
617
618
611
621
622
623
624
620
629
625
628
627
626
630
639
638
631
632
633
634
635
636
637
649
644
640
641
642
643
646
645
647
648
651
659
655
656
657
658
650
654
652
653
669
664
661
662
663
666
665
667
668
660
670
679
671
672
673
674
675
678
676
677
683
689
680
681
682
684
685
687
686
688
690
699
697
698
696
691
692
693
694
695
709
706
702
700
704
705
701
703
708
707
719
715
718
713
714
717
716
710
711
712
721
728
724
720
722
723
726
725
729
727
738
730
734
731
732
733
736
735
737
739
740
744
749
745
746
747
748
742
741
743
759
751
750
756
754
755
757
753
752
758
769
761
764
760
765
766
767
768
762
763
774
779
775
776
777
778
772
771
773
770
780
783
785
782
786
788
787
784
781
789
794
799
793
792
790
791
798
797
795
796
809
805
808
802
803
800
806
807
801
804
813
811
816
817
818
815
814
812
810
819
824
829
825
826
827
828
822
821
823
820
839
836
830
837
838
835
831
832
833
834
843
849
848
841
840
842
847
844
845
846
850
859
857
858
856
851
852
853
854
855
863
861
860
862
864
869
866
867
868
865
872
871
870
874
879
873
875
878
876
877
881
889
887
888
886
882
885
883
880
884
898
897
899
890
891
892
895
894
896
893
900
909
902
903
904
905
906
907
908
901
919
917
916
918
915
910
913
911
912
914
929
924
921
922
923
926
925
927
928
920
931
933
932
930
938
937
935
934
939
936
943
940
949
945
946
941
947
942
948
944
958
959
954
951
952
953
950
955
957
956
968
969
960
966
964
961
962
963
967
965
979
973
977
971
972
975
974
976
978
970
980
984
989
982
983
986
985
987
988
981
992
998
999
997
990
991
995
996
993
994
--- PASS: TestGoPoolWithMutex (1.20s)
PASS
ok  	github.com/xuehen2014/goPool	1.365s
